val nat_as_church :
  all C.
    (all B.
       (lam t.
          {zero : t; succ : t -> t; fold : t -> (all B. B -> (B -> B) -> B)})
         B -> C) -> C
