File "./fail_map_pair_T3.fw", line 4, characters 0-120:

Typing error: mistmatch between: 
Actual type:     all C. A -> B
Expected type:   A -> B
Expected failure is ok!
