File "./fail_check_leq_expand_T4.fw", line 5, characters 18-22:

Typing error: mistmatch between: 
Actual type:     int
Expected type:   unit
Expected failure is ok!
