val f :
  all bar1. bar1 ->
    (all bar1999. all bar19991. all bar. all bar1. bar1 -> int)
